[krunker.io/index.html]
[backblue.gif]
[fade.gif]
[index.html]
[krunker.io/libs/frvr-sdk.min1349.js]
[krunker.io/libs/frvr-channel-web.min1349.js]
[pagead2.googlesyndication.com/pagead/js/f.txt]
[a.pub.network/core/pubfig/cls.css]
[a.pub.network/krunker-io/pubfig.min.js]
[krunker.io/img/favicon.png]
[krunker.io/css/main1349.css]
[krunker.io/css/custom_11349.css]
[krunker.io/css/bundled/bundledStyles.min1349.css]
[krunker.io/css/flag1349.css]
[krunker.io/manifest.json]
[krunker.io/img/pwa/icon60x60.png]
[krunker.io/img/pwa/icon76x76.png]
[krunker.io/img/pwa/icon120x120.png]
[krunker.io/img/pwa/icon196x196.png]
[krunker.io/img/pwa/icon256x256.png]
[krunker.io/img/pwa/icon1024x1024.png]
[krunker.io/img/pwa/icon32x32.png]
[krunker.io/img/editor.png]
[krunker.io/img/app_1.png]
[krunker.io/editor.html]
[krunker.io/games.html]
[krunker.io/img/app_0.png]
[krunker.io/img/btc_icn.png]
[krunker.io/img/newp.png]
[storage.googleapis.com/assets.krunker.io/img/shop/51349.png]
[storage.googleapis.com/assets.krunker.io/img/shop/spins/6_11349.png]
[storage.googleapis.com/assets.krunker.io/img/shop/spins/4_04d08.png]
[krunker.io/img/doublexp.png]
[storage.googleapis.com/assets.krunker.io/img/guide/01349.gif]
[storage.googleapis.com/assets.krunker.io/img/guide/host11349.png]
[storage.googleapis.com/assets.krunker.io/img/guide/startserv1349.png]
[storage.googleapis.com/assets.krunker.io/img/guide/invite1349.png]
[storage.googleapis.com/assets.krunker.io/img/guide/report1349.png]
[storage.googleapis.com/assets.krunker.io/img/guide/report21349.png]
[storage.googleapis.com/assets.krunker.io/img/guide/kpd1349.png]
[storage.googleapis.com/assets.krunker.io/img/guide/kick1349.png]
[krunker.io/img/social/discord.png]
[krunker.io/img/social/reddit.png]
[krunker.io/img/twitch.png]
[krunker.io/img/youtube.png]
[krunker.io/img/mmok.png]
[krunker.io/img/logo_6.png]
[krunker.io/img/merch.png]
[krunker.io/img/police.png]
[krunker.io/img/player_pfp.png]
[krunker.io/img/client.png]
[krunker.io/img/phone_r.png]
[storage.googleapis.com/assets.krunker.io/img/backgrounds/vs_21349.png]
[storage.googleapis.com/assets.krunker.io/textures/recticle1349.png]
[krunker.io/social.html]
[storage.googleapis.com/assets.krunker.io/textures/reticles/reticle_01349.png]
[krunker.io/img/skull_0.png]
[krunker.io/img/skull_1.png]
[krunker.io/img/skull_2.png]
[krunker.io/img/skull_3.png]
[krunker.io/img/blood.png]
[krunker.io/img/powerups/0.png]
[krunker.io/img/powerups/1.png]
[krunker.io/img/powerups/2.png]
[storage.googleapis.com/assets.krunker.io/textures/ammo_01349.png]
[krunker.io/img/timer.png]
[storage.googleapis.com/assets.krunker.io/textures/hitmarker_31349.png]
[krunker.io/libs/mithril.min1349.js]
[www.google.com/recaptcha/enterprise8bdb.js]
[hcaptcha.com/1/apibe8b.js]
[platform.twitter.com/widgets.js]
[apis.google.com/js/platform.js]
[krunker.io/libs/howler.min1349.js]
[krunker.io/libs/chart.bundle.2.8.0.min1349.js]
[krunker.io/libs/confetti.1.2.0.min1349.js]
[krunker.io/libs/Tween.min1349.js]
[unpkg.com/web3@latest/dist/web3.min.4a.delayed]
[krunker.io/index.html]
[a.pub.network/core/pubfig/cls.css]
[krunker.io/css/main1349.css]
[krunker.io/css/custom_11349.css]
[krunker.io/css/bundled/bundledStyles.min1349.css]
[krunker.io/css/main_custom1349.css]
[krunker.io/css/flag1349.css]
